
> xinwealth-portal@1.0.0 build
> vite build

[36mvite v4.5.14 [32mbuilding for production...[36m[39m
transforming...
[32mΓ£ô[39m 2077 modules transformed.
rendering chunks...
computing gzip size...
[2mdist/[22m[32mindex.html                [39m[1m[2m  2.97 kB[22m[1m[22m[2m Γöé gzip:   1.18 kB[22m
[2mdist/[22m[36massets/index-a76e7ea2.js  [39m[1m[33m789.76 kB[39m[22m[2m Γöé gzip: 214.84 kB[22m
[32mΓ£ô built in 5.99s[39m
